Processing teensy36 (platform: teensy; board: teensy36; framework: arduino)
--------------------------------------------------------------------------------
CONFIGURATION: https://docs.platformio.org/page/boards/teensy/teensy36.html
PLATFORM: Teensy 4.6.0 > Teensy 3.6
HARDWARE: MK66FX1M0 180MHz, 256KB RAM, 1MB Flash
DEBUG: Current (jlink) External (jlink)
PACKAGES: toolchain-gccarmnoneeabi 1.50401.190816 (5.4.1), framework-arduinoteensy 1.148.0 (1.48)
LDF: Library Dependency Finder -> http://bit.ly/configure-pio-ldf
LDF Modes: Finder ~ chain, Compatibility ~ soft
Found 91 compatible libraries
Scanning dependencies...
Dependency Graph
|-- <OSC> (C:\Users\Till\.platformio\lib\OSC_ID423)
Building in release mode
arm-none-eabi-g++ -o .pio\build\teensy36\src\main.cpp.o -c -fno-exceptions -felide-constructors -fno-rtti -std=gnu++14 -Wno-error=narrowing -fpermissive -Wall -ffunction-sections -fdata-sections -mthumb -mcpu=cortex-m4 -nostdlib -fsingle-precision-constant -mfloat-abi=hard -mfpu=fpv4-sp-d16 -O2 -DPLATFORMIO=40100 -D__MK66FX1M0__ -DTEENSY36 -DUSB_SERIAL -DARDUINO=10805 -DTEENSYDUINO=148 -DCORE_TEENSY -DF_CPU=180000000L -DLAYOUT_US_ENGLISH -Iinclude -Isrc -IC:\Users\Till\.platformio\lib\OSC_ID423 -IC:\Users\Till\.platformio\packages\framework-arduinoteensy\cores\teensy3 src\main.cpp
arm-none-eabi-g++ -o .pio\build\teensy36\liba6e\OSC_ID423\OSCBoards.cpp.o -c -fno-exceptions -felide-constructors -fno-rtti -std=gnu++14 -Wno-error=narrowing -fpermissive -Wall -ffunction-sections -fdata-sections -mthumb -mcpu=cortex-m4 -nostdlib -fsingle-precision-constant -mfloat-abi=hard -mfpu=fpv4-sp-d16 -O2 -DPLATFORMIO=40100 -D__MK66FX1M0__ -DTEENSY36 -DUSB_SERIAL -DARDUINO=10805 -DTEENSYDUINO=148 -DCORE_TEENSY -DF_CPU=180000000L -DLAYOUT_US_ENGLISH -IC:\Users\Till\.platformio\lib\OSC_ID423 -IC:\Users\Till\.platformio\packages\framework-arduinoteensy\cores\teensy3 C:\Users\Till\.platformio\lib\OSC_ID423\OSCBoards.cpp
arm-none-eabi-g++ -o .pio\build\teensy36\liba6e\OSC_ID423\OSCBundle.cpp.o -c -fno-exceptions -felide-constructors -fno-rtti -std=gnu++14 -Wno-error=narrowing -fpermissive -Wall -ffunction-sections -fdata-sections -mthumb -mcpu=cortex-m4 -nostdlib -fsingle-precision-constant -mfloat-abi=hard -mfpu=fpv4-sp-d16 -O2 -DPLATFORMIO=40100 -D__MK66FX1M0__ -DTEENSY36 -DUSB_SERIAL -DARDUINO=10805 -DTEENSYDUINO=148 -DCORE_TEENSY -DF_CPU=180000000L -DLAYOUT_US_ENGLISH -IC:\Users\Till\.platformio\lib\OSC_ID423 -IC:\Users\Till\.platformio\packages\framework-arduinoteensy\cores\teensy3 C:\Users\Till\.platformio\lib\OSC_ID423\OSCBundle.cpp
arm-none-eabi-g++ -o .pio\build\teensy36\liba6e\OSC_ID423\OSCData.cpp.o -c -fno-exceptions -felide-constructors -fno-rtti -std=gnu++14 -Wno-error=narrowing -fpermissive -Wall -ffunction-sections -fdata-sections -mthumb -mcpu=cortex-m4 -nostdlib -fsingle-precision-constant -mfloat-abi=hard -mfpu=fpv4-sp-d16 -O2 -DPLATFORMIO=40100 -D__MK66FX1M0__ -DTEENSY36 -DUSB_SERIAL -DARDUINO=10805 -DTEENSYDUINO=148 -DCORE_TEENSY -DF_CPU=180000000L -DLAYOUT_US_ENGLISH -IC:\Users\Till\.platformio\lib\OSC_ID423 -IC:\Users\Till\.platformio\packages\framework-arduinoteensy\cores\teensy3 C:\Users\Till\.platformio\lib\OSC_ID423\OSCData.cpp
arm-none-eabi-gcc -o .pio\build\teensy36\liba6e\OSC_ID423\OSCMatch.c.o -c -Wall -ffunction-sections -fdata-sections -mthumb -mcpu=cortex-m4 -nostdlib -fsingle-precision-constant -mfloat-abi=hard -mfpu=fpv4-sp-d16 -O2 -DPLATFORMIO=40100 -D__MK66FX1M0__ -DTEENSY36 -DUSB_SERIAL -DARDUINO=10805 -DTEENSYDUINO=148 -DCORE_TEENSY -DF_CPU=180000000L -DLAYOUT_US_ENGLISH -IC:\Users\Till\.platformio\lib\OSC_ID423 -IC:\Users\Till\.platformio\packages\framework-arduinoteensy\cores\teensy3 C:\Users\Till\.platformio\lib\OSC_ID423\OSCMatch.c
arm-none-eabi-g++ -o .pio\build\teensy36\liba6e\OSC_ID423\OSCMessage.cpp.o -c -fno-exceptions -felide-constructors -fno-rtti -std=gnu++14 -Wno-error=narrowing -fpermissive -Wall -ffunction-sections -fdata-sections -mthumb -mcpu=cortex-m4 -nostdlib -fsingle-precision-constant -mfloat-abi=hard -mfpu=fpv4-sp-d16 -O2 -DPLATFORMIO=40100 -D__MK66FX1M0__ -DTEENSY36 -DUSB_SERIAL -DARDUINO=10805 -DTEENSYDUINO=148 -DCORE_TEENSY -DF_CPU=180000000L -DLAYOUT_US_ENGLISH -IC:\Users\Till\.platformio\lib\OSC_ID423 -IC:\Users\Till\.platformio\packages\framework-arduinoteensy\cores\teensy3 C:\Users\Till\.platformio\lib\OSC_ID423\OSCMessage.cpp
arm-none-eabi-g++ -o .pio\build\teensy36\liba6e\OSC_ID423\OSCTiming.cpp.o -c -fno-exceptions -felide-constructors -fno-rtti -std=gnu++14 -Wno-error=narrowing -fpermissive -Wall -ffunction-sections -fdata-sections -mthumb -mcpu=cortex-m4 -nostdlib -fsingle-precision-constant -mfloat-abi=hard -mfpu=fpv4-sp-d16 -O2 -DPLATFORMIO=40100 -D__MK66FX1M0__ -DTEENSY36 -DUSB_SERIAL -DARDUINO=10805 -DTEENSYDUINO=148 -DCORE_TEENSY -DF_CPU=180000000L -DLAYOUT_US_ENGLISH -IC:\Users\Till\.platformio\lib\OSC_ID423 -IC:\Users\Till\.platformio\packages\framework-arduinoteensy\cores\teensy3 C:\Users\Till\.platformio\lib\OSC_ID423\OSCTiming.cpp
arm-none-eabi-g++ -o .pio\build\teensy36\liba6e\OSC_ID423\SLIPEncodedSerial.cpp.o -c -fno-exceptions -felide-constructors -fno-rtti -std=gnu++14 -Wno-error=narrowing -fpermissive -Wall -ffunction-sections -fdata-sections -mthumb -mcpu=cortex-m4 -nostdlib -fsingle-precision-constant -mfloat-abi=hard -mfpu=fpv4-sp-d16 -O2 -DPLATFORMIO=40100 -D__MK66FX1M0__ -DTEENSY36 -DUSB_SERIAL -DARDUINO=10805 -DTEENSYDUINO=148 -DCORE_TEENSY -DF_CPU=180000000L -DLAYOUT_US_ENGLISH -IC:\Users\Till\.platformio\lib\OSC_ID423 -IC:\Users\Till\.platformio\packages\framework-arduinoteensy\cores\teensy3 C:\Users\Till\.platformio\lib\OSC_ID423\SLIPEncodedSerial.cpp
arm-none-eabi-g++ -o .pio\build\teensy36\liba6e\OSC_ID423\SLIPEncodedUSBSerial.cpp.o -c -fno-exceptions -felide-constructors -fno-rtti -std=gnu++14 -Wno-error=narrowing -fpermissive -Wall -ffunction-sections -fdata-sections -mthumb -mcpu=cortex-m4 -nostdlib -fsingle-precision-constant -mfloat-abi=hard -mfpu=fpv4-sp-d16 -O2 -DPLATFORMIO=40100 -D__MK66FX1M0__ -DTEENSY36 -DUSB_SERIAL -DARDUINO=10805 -DTEENSYDUINO=148 -DCORE_TEENSY -DF_CPU=180000000L -DLAYOUT_US_ENGLISH -IC:\Users\Till\.platformio\lib\OSC_ID423 -IC:\Users\Till\.platformio\packages\framework-arduinoteensy\cores\teensy3 C:\Users\Till\.platformio\lib\OSC_ID423\SLIPEncodedUSBSerial.cpp
arm-none-eabi-g++ -o .pio\build\teensy36\FrameworkArduino\AudioStream.cpp.o -c -fno-exceptions -felide-constructors -fno-rtti -std=gnu++14 -Wno-error=narrowing -fpermissive -Wall -ffunction-sections -fdata-sections -mthumb -mcpu=cortex-m4 -nostdlib -fsingle-precision-constant -mfloat-abi=hard -mfpu=fpv4-sp-d16 -O2 -DPLATFORMIO=40100 -D__MK66FX1M0__ -DTEENSY36 -DUSB_SERIAL -DARDUINO=10805 -DTEENSYDUINO=148 -DCORE_TEENSY -DF_CPU=180000000L -DLAYOUT_US_ENGLISH -IC:\Users\Till\.platformio\packages\framework-arduinoteensy\cores\teensy3 C:\Users\Till\.platformio\packages\framework-arduinoteensy\cores\teensy3\AudioStream.cpp
arm-none-eabi-g++ -o .pio\build\teensy36\FrameworkArduino\DMAChannel.cpp.o -c -fno-exceptions -felide-constructors -fno-rtti -std=gnu++14 -Wno-error=narrowing -fpermissive -Wall -ffunction-sections -fdata-sections -mthumb -mcpu=cortex-m4 -nostdlib -fsingle-precision-constant -mfloat-abi=hard -mfpu=fpv4-sp-d16 -O2 -DPLATFORMIO=40100 -D__MK66FX1M0__ -DTEENSY36 -DUSB_SERIAL -DARDUINO=10805 -DTEENSYDUINO=148 -DCORE_TEENSY -DF_CPU=180000000L -DLAYOUT_US_ENGLISH -IC:\Users\Till\.platformio\packages\framework-arduinoteensy\cores\teensy3 C:\Users\Till\.platformio\packages\framework-arduinoteensy\cores\teensy3\DMAChannel.cpp
arm-none-eabi-g++ -o .pio\build\teensy36\FrameworkArduino\EventResponder.cpp.o -c -fno-exceptions -felide-constructors -fno-rtti -std=gnu++14 -Wno-error=narrowing -fpermissive -Wall -ffunction-sections -fdata-sections -mthumb -mcpu=cortex-m4 -nostdlib -fsingle-precision-constant -mfloat-abi=hard -mfpu=fpv4-sp-d16 -O2 -DPLATFORMIO=40100 -D__MK66FX1M0__ -DTEENSY36 -DUSB_SERIAL -DARDUINO=10805 -DTEENSYDUINO=148 -DCORE_TEENSY -DF_CPU=180000000L -DLAYOUT_US_ENGLISH -IC:\Users\Till\.platformio\packages\framework-arduinoteensy\cores\teensy3 C:\Users\Till\.platformio\packages\framework-arduinoteensy\cores\teensy3\EventResponder.cpp
arm-none-eabi-g++ -o .pio\build\teensy36\FrameworkArduino\HardwareSerial1.cpp.o -c -fno-exceptions -felide-constructors -fno-rtti -std=gnu++14 -Wno-error=narrowing -fpermissive -Wall -ffunction-sections -fdata-sections -mthumb -mcpu=cortex-m4 -nostdlib -fsingle-precision-constant -mfloat-abi=hard -mfpu=fpv4-sp-d16 -O2 -DPLATFORMIO=40100 -D__MK66FX1M0__ -DTEENSY36 -DUSB_SERIAL -DARDUINO=10805 -DTEENSYDUINO=148 -DCORE_TEENSY -DF_CPU=180000000L -DLAYOUT_US_ENGLISH -IC:\Users\Till\.platformio\packages\framework-arduinoteensy\cores\teensy3 C:\Users\Till\.platformio\packages\framework-arduinoteensy\cores\teensy3\HardwareSerial1.cpp
arm-none-eabi-g++ -o .pio\build\teensy36\FrameworkArduino\HardwareSerial2.cpp.o -c -fno-exceptions -felide-constructors -fno-rtti -std=gnu++14 -Wno-error=narrowing -fpermissive -Wall -ffunction-sections -fdata-sections -mthumb -mcpu=cortex-m4 -nostdlib -fsingle-precision-constant -mfloat-abi=hard -mfpu=fpv4-sp-d16 -O2 -DPLATFORMIO=40100 -D__MK66FX1M0__ -DTEENSY36 -DUSB_SERIAL -DARDUINO=10805 -DTEENSYDUINO=148 -DCORE_TEENSY -DF_CPU=180000000L -DLAYOUT_US_ENGLISH -IC:\Users\Till\.platformio\packages\framework-arduinoteensy\cores\teensy3 C:\Users\Till\.platformio\packages\framework-arduinoteensy\cores\teensy3\HardwareSerial2.cpp
arm-none-eabi-gcc-ar rc .pio\build\teensy36\liba6e\libOSC_ID423.a .pio\build\teensy36\liba6e\OSC_ID423\OSCBoards.cpp.o .pio\build\teensy36\liba6e\OSC_ID423\OSCBundle.cpp.o .pio\build\teensy36\liba6e\OSC_ID423\OSCData.cpp.o .pio\build\teensy36\liba6e\OSC_ID423\OSCMatch.c.o .pio\build\teensy36\liba6e\OSC_ID423\OSCMessage.cpp.o .pio\build\teensy36\liba6e\OSC_ID423\OSCTiming.cpp.o .pio\build\teensy36\liba6e\OSC_ID423\SLIPEncodedSerial.cpp.o .pio\build\teensy36\liba6e\OSC_ID423\SLIPEncodedUSBSerial.cpp.o
arm-none-eabi-g++ -o .pio\build\teensy36\FrameworkArduino\HardwareSerial3.cpp.o -c -fno-exceptions -felide-constructors -fno-rtti -std=gnu++14 -Wno-error=narrowing -fpermissive -Wall -ffunction-sections -fdata-sections -mthumb -mcpu=cortex-m4 -nostdlib -fsingle-precision-constant -mfloat-abi=hard -mfpu=fpv4-sp-d16 -O2 -DPLATFORMIO=40100 -D__MK66FX1M0__ -DTEENSY36 -DUSB_SERIAL -DARDUINO=10805 -DTEENSYDUINO=148 -DCORE_TEENSY -DF_CPU=180000000L -DLAYOUT_US_ENGLISH -IC:\Users\Till\.platformio\packages\framework-arduinoteensy\cores\teensy3 C:\Users\Till\.platformio\packages\framework-arduinoteensy\cores\teensy3\HardwareSerial3.cpp
arm-none-eabi-g++ -o .pio\build\teensy36\FrameworkArduino\HardwareSerial4.cpp.o -c -fno-exceptions -felide-constructors -fno-rtti -std=gnu++14 -Wno-error=narrowing -fpermissive -Wall -ffunction-sections -fdata-sections -mthumb -mcpu=cortex-m4 -nostdlib -fsingle-precision-constant -mfloat-abi=hard -mfpu=fpv4-sp-d16 -O2 -DPLATFORMIO=40100 -D__MK66FX1M0__ -DTEENSY36 -DUSB_SERIAL -DARDUINO=10805 -DTEENSYDUINO=148 -DCORE_TEENSY -DF_CPU=180000000L -DLAYOUT_US_ENGLISH -IC:\Users\Till\.platformio\packages\framework-arduinoteensy\cores\teensy3 C:\Users\Till\.platformio\packages\framework-arduinoteensy\cores\teensy3\HardwareSerial4.cpp
arm-none-eabi-g++ -o .pio\build\teensy36\FrameworkArduino\HardwareSerial5.cpp.o -c -fno-exceptions -felide-constructors -fno-rtti -std=gnu++14 -Wno-error=narrowing -fpermissive -Wall -ffunction-sections -fdata-sections -mthumb -mcpu=cortex-m4 -nostdlib -fsingle-precision-constant -mfloat-abi=hard -mfpu=fpv4-sp-d16 -O2 -DPLATFORMIO=40100 -D__MK66FX1M0__ -DTEENSY36 -DUSB_SERIAL -DARDUINO=10805 -DTEENSYDUINO=148 -DCORE_TEENSY -DF_CPU=180000000L -DLAYOUT_US_ENGLISH -IC:\Users\Till\.platformio\packages\framework-arduinoteensy\cores\teensy3 C:\Users\Till\.platformio\packages\framework-arduinoteensy\cores\teensy3\HardwareSerial5.cpp
arm-none-eabi-g++ -o .pio\build\teensy36\FrameworkArduino\HardwareSerial6.cpp.o -c -fno-exceptions -felide-constructors -fno-rtti -std=gnu++14 -Wno-error=narrowing -fpermissive -Wall -ffunction-sections -fdata-sections -mthumb -mcpu=cortex-m4 -nostdlib -fsingle-precision-constant -mfloat-abi=hard -mfpu=fpv4-sp-d16 -O2 -DPLATFORMIO=40100 -D__MK66FX1M0__ -DTEENSY36 -DUSB_SERIAL -DARDUINO=10805 -DTEENSYDUINO=148 -DCORE_TEENSY -DF_CPU=180000000L -DLAYOUT_US_ENGLISH -IC:\Users\Till\.platformio\packages\framework-arduinoteensy\cores\teensy3 C:\Users\Till\.platformio\packages\framework-arduinoteensy\cores\teensy3\HardwareSerial6.cpp
arm-none-eabi-g++ -o .pio\build\teensy36\FrameworkArduino\IPAddress.cpp.o -c -fno-exceptions -felide-constructors -fno-rtti -std=gnu++14 -Wno-error=narrowing -fpermissive -Wall -ffunction-sections -fdata-sections -mthumb -mcpu=cortex-m4 -nostdlib -fsingle-precision-constant -mfloat-abi=hard -mfpu=fpv4-sp-d16 -O2 -DPLATFORMIO=40100 -D__MK66FX1M0__ -DTEENSY36 -DUSB_SERIAL -DARDUINO=10805 -DTEENSYDUINO=148 -DCORE_TEENSY -DF_CPU=180000000L -DLAYOUT_US_ENGLISH -IC:\Users\Till\.platformio\packages\framework-arduinoteensy\cores\teensy3 C:\Users\Till\.platformio\packages\framework-arduinoteensy\cores\teensy3\IPAddress.cpp
arm-none-eabi-g++ -o .pio\build\teensy36\FrameworkArduino\IntervalTimer.cpp.o -c -fno-exceptions -felide-constructors -fno-rtti -std=gnu++14 -Wno-error=narrowing -fpermissive -Wall -ffunction-sections -fdata-sections -mthumb -mcpu=cortex-m4 -nostdlib -fsingle-precision-constant -mfloat-abi=hard -mfpu=fpv4-sp-d16 -O2 -DPLATFORMIO=40100 -D__MK66FX1M0__ -DTEENSY36 -DUSB_SERIAL -DARDUINO=10805 -DTEENSYDUINO=148 -DCORE_TEENSY -DF_CPU=180000000L -DLAYOUT_US_ENGLISH -IC:\Users\Till\.platformio\packages\framework-arduinoteensy\cores\teensy3 C:\Users\Till\.platformio\packages\framework-arduinoteensy\cores\teensy3\IntervalTimer.cpp
arm-none-eabi-g++ -o .pio\build\teensy36\FrameworkArduino\Print.cpp.o -c -fno-exceptions -felide-constructors -fno-rtti -std=gnu++14 -Wno-error=narrowing -fpermissive -Wall -ffunction-sections -fdata-sections -mthumb -mcpu=cortex-m4 -nostdlib -fsingle-precision-constant -mfloat-abi=hard -mfpu=fpv4-sp-d16 -O2 -DPLATFORMIO=40100 -D__MK66FX1M0__ -DTEENSY36 -DUSB_SERIAL -DARDUINO=10805 -DTEENSYDUINO=148 -DCORE_TEENSY -DF_CPU=180000000L -DLAYOUT_US_ENGLISH -IC:\Users\Till\.platformio\packages\framework-arduinoteensy\cores\teensy3 C:\Users\Till\.platformio\packages\framework-arduinoteensy\cores\teensy3\Print.cpp
arm-none-eabi-g++ -o .pio\build\teensy36\FrameworkArduino\Stream.cpp.o -c -fno-exceptions -felide-constructors -fno-rtti -std=gnu++14 -Wno-error=narrowing -fpermissive -Wall -ffunction-sections -fdata-sections -mthumb -mcpu=cortex-m4 -nostdlib -fsingle-precision-constant -mfloat-abi=hard -mfpu=fpv4-sp-d16 -O2 -DPLATFORMIO=40100 -D__MK66FX1M0__ -DTEENSY36 -DUSB_SERIAL -DARDUINO=10805 -DTEENSYDUINO=148 -DCORE_TEENSY -DF_CPU=180000000L -DLAYOUT_US_ENGLISH -IC:\Users\Till\.platformio\packages\framework-arduinoteensy\cores\teensy3 C:\Users\Till\.platformio\packages\framework-arduinoteensy\cores\teensy3\Stream.cpp
arm-none-eabi-g++ -o .pio\build\teensy36\FrameworkArduino\Tone.cpp.o -c -fno-exceptions -felide-constructors -fno-rtti -std=gnu++14 -Wno-error=narrowing -fpermissive -Wall -ffunction-sections -fdata-sections -mthumb -mcpu=cortex-m4 -nostdlib -fsingle-precision-constant -mfloat-abi=hard -mfpu=fpv4-sp-d16 -O2 -DPLATFORMIO=40100 -D__MK66FX1M0__ -DTEENSY36 -DUSB_SERIAL -DARDUINO=10805 -DTEENSYDUINO=148 -DCORE_TEENSY -DF_CPU=180000000L -DLAYOUT_US_ENGLISH -IC:\Users\Till\.platformio\packages\framework-arduinoteensy\cores\teensy3 C:\Users\Till\.platformio\packages\framework-arduinoteensy\cores\teensy3\Tone.cpp
arm-none-eabi-g++ -o .pio\build\teensy36\FrameworkArduino\WMath.cpp.o -c -fno-exceptions -felide-constructors -fno-rtti -std=gnu++14 -Wno-error=narrowing -fpermissive -Wall -ffunction-sections -fdata-sections -mthumb -mcpu=cortex-m4 -nostdlib -fsingle-precision-constant -mfloat-abi=hard -mfpu=fpv4-sp-d16 -O2 -DPLATFORMIO=40100 -D__MK66FX1M0__ -DTEENSY36 -DUSB_SERIAL -DARDUINO=10805 -DTEENSYDUINO=148 -DCORE_TEENSY -DF_CPU=180000000L -DLAYOUT_US_ENGLISH -IC:\Users\Till\.platformio\packages\framework-arduinoteensy\cores\teensy3 C:\Users\Till\.platformio\packages\framework-arduinoteensy\cores\teensy3\WMath.cpp
arm-none-eabi-g++ -o .pio\build\teensy36\FrameworkArduino\WString.cpp.o -c -fno-exceptions -felide-constructors -fno-rtti -std=gnu++14 -Wno-error=narrowing -fpermissive -Wall -ffunction-sections -fdata-sections -mthumb -mcpu=cortex-m4 -nostdlib -fsingle-precision-constant -mfloat-abi=hard -mfpu=fpv4-sp-d16 -O2 -DPLATFORMIO=40100 -D__MK66FX1M0__ -DTEENSY36 -DUSB_SERIAL -DARDUINO=10805 -DTEENSYDUINO=148 -DCORE_TEENSY -DF_CPU=180000000L -DLAYOUT_US_ENGLISH -IC:\Users\Till\.platformio\packages\framework-arduinoteensy\cores\teensy3 C:\Users\Till\.platformio\packages\framework-arduinoteensy\cores\teensy3\WString.cpp
arm-none-eabi-gcc -o .pio\build\teensy36\FrameworkArduino\analog.c.o -c -Wall -ffunction-sections -fdata-sections -mthumb -mcpu=cortex-m4 -nostdlib -fsingle-precision-constant -mfloat-abi=hard -mfpu=fpv4-sp-d16 -O2 -DPLATFORMIO=40100 -D__MK66FX1M0__ -DTEENSY36 -DUSB_SERIAL -DARDUINO=10805 -DTEENSYDUINO=148 -DCORE_TEENSY -DF_CPU=180000000L -DLAYOUT_US_ENGLISH -IC:\Users\Till\.platformio\packages\framework-arduinoteensy\cores\teensy3 C:\Users\Till\.platformio\packages\framework-arduinoteensy\cores\teensy3\analog.c
arm-none-eabi-g++ -o .pio\build\teensy36\FrameworkArduino\avr_emulation.cpp.o -c -fno-exceptions -felide-constructors -fno-rtti -std=gnu++14 -Wno-error=narrowing -fpermissive -Wall -ffunction-sections -fdata-sections -mthumb -mcpu=cortex-m4 -nostdlib -fsingle-precision-constant -mfloat-abi=hard -mfpu=fpv4-sp-d16 -O2 -DPLATFORMIO=40100 -D__MK66FX1M0__ -DTEENSY36 -DUSB_SERIAL -DARDUINO=10805 -DTEENSYDUINO=148 -DCORE_TEENSY -DF_CPU=180000000L -DLAYOUT_US_ENGLISH -IC:\Users\Till\.platformio\packages\framework-arduinoteensy\cores\teensy3 C:\Users\Till\.platformio\packages\framework-arduinoteensy\cores\teensy3\avr_emulation.cpp
arm-none-eabi-gcc -o .pio\build\teensy36\FrameworkArduino\eeprom.c.o -c -Wall -ffunction-sections -fdata-sections -mthumb -mcpu=cortex-m4 -nostdlib -fsingle-precision-constant -mfloat-abi=hard -mfpu=fpv4-sp-d16 -O2 -DPLATFORMIO=40100 -D__MK66FX1M0__ -DTEENSY36 -DUSB_SERIAL -DARDUINO=10805 -DTEENSYDUINO=148 -DCORE_TEENSY -DF_CPU=180000000L -DLAYOUT_US_ENGLISH -IC:\Users\Till\.platformio\packages\framework-arduinoteensy\cores\teensy3 C:\Users\Till\.platformio\packages\framework-arduinoteensy\cores\teensy3\eeprom.c
arm-none-eabi-gcc -o .pio\build\teensy36\FrameworkArduino\keylayouts.c.o -c -Wall -ffunction-sections -fdata-sections -mthumb -mcpu=cortex-m4 -nostdlib -fsingle-precision-constant -mfloat-abi=hard -mfpu=fpv4-sp-d16 -O2 -DPLATFORMIO=40100 -D__MK66FX1M0__ -DTEENSY36 -DUSB_SERIAL -DARDUINO=10805 -DTEENSYDUINO=148 -DCORE_TEENSY -DF_CPU=180000000L -DLAYOUT_US_ENGLISH -IC:\Users\Till\.platformio\packages\framework-arduinoteensy\cores\teensy3 C:\Users\Till\.platformio\packages\framework-arduinoteensy\cores\teensy3\keylayouts.c
arm-none-eabi-g++ -o .pio\build\teensy36\FrameworkArduino\main.cpp.o -c -fno-exceptions -felide-constructors -fno-rtti -std=gnu++14 -Wno-error=narrowing -fpermissive -Wall -ffunction-sections -fdata-sections -mthumb -mcpu=cortex-m4 -nostdlib -fsingle-precision-constant -mfloat-abi=hard -mfpu=fpv4-sp-d16 -O2 -DPLATFORMIO=40100 -D__MK66FX1M0__ -DTEENSY36 -DUSB_SERIAL -DARDUINO=10805 -DTEENSYDUINO=148 -DCORE_TEENSY -DF_CPU=180000000L -DLAYOUT_US_ENGLISH -IC:\Users\Till\.platformio\packages\framework-arduinoteensy\cores\teensy3 C:\Users\Till\.platformio\packages\framework-arduinoteensy\cores\teensy3\main.cpp
arm-none-eabi-gcc -o .pio\build\teensy36\FrameworkArduino\math_helper.c.o -c -Wall -ffunction-sections -fdata-sections -mthumb -mcpu=cortex-m4 -nostdlib -fsingle-precision-constant -mfloat-abi=hard -mfpu=fpv4-sp-d16 -O2 -DPLATFORMIO=40100 -D__MK66FX1M0__ -DTEENSY36 -DUSB_SERIAL -DARDUINO=10805 -DTEENSYDUINO=148 -DCORE_TEENSY -DF_CPU=180000000L -DLAYOUT_US_ENGLISH -IC:\Users\Till\.platformio\packages\framework-arduinoteensy\cores\teensy3 C:\Users\Till\.platformio\packages\framework-arduinoteensy\cores\teensy3\math_helper.c
arm-none-eabi-gcc -x assembler-with-cpp -Wall -ffunction-sections -fdata-sections -mthumb -mcpu=cortex-m4 -nostdlib -fsingle-precision-constant -mfloat-abi=hard -mfpu=fpv4-sp-d16 -O2 -DPLATFORMIO=40100 -D__MK66FX1M0__ -DTEENSY36 -DUSB_SERIAL -DARDUINO=10805 -DTEENSYDUINO=148 -DCORE_TEENSY -DF_CPU=180000000L -DLAYOUT_US_ENGLISH -IC:\Users\Till\.platformio\packages\framework-arduinoteensy\cores\teensy3 -c -o .pio\build\teensy36\FrameworkArduino\memcpy-armv7m.S.o C:\Users\Till\.platformio\packages\framework-arduinoteensy\cores\teensy3\memcpy-armv7m.S
arm-none-eabi-gcc -x assembler-with-cpp -Wall -ffunction-sections -fdata-sections -mthumb -mcpu=cortex-m4 -nostdlib -fsingle-precision-constant -mfloat-abi=hard -mfpu=fpv4-sp-d16 -O2 -DPLATFORMIO=40100 -D__MK66FX1M0__ -DTEENSY36 -DUSB_SERIAL -DARDUINO=10805 -DTEENSYDUINO=148 -DCORE_TEENSY -DF_CPU=180000000L -DLAYOUT_US_ENGLISH -IC:\Users\Till\.platformio\packages\framework-arduinoteensy\cores\teensy3 -c -o .pio\build\teensy36\FrameworkArduino\memset.S.o C:\Users\Till\.platformio\packages\framework-arduinoteensy\cores\teensy3\memset.S
arm-none-eabi-gcc -o .pio\build\teensy36\FrameworkArduino\mk20dx128.c.o -c -Wall -ffunction-sections -fdata-sections -mthumb -mcpu=cortex-m4 -nostdlib -fsingle-precision-constant -mfloat-abi=hard -mfpu=fpv4-sp-d16 -O2 -DPLATFORMIO=40100 -D__MK66FX1M0__ -DTEENSY36 -DUSB_SERIAL -DARDUINO=10805 -DTEENSYDUINO=148 -DCORE_TEENSY -DF_CPU=180000000L -DLAYOUT_US_ENGLISH -IC:\Users\Till\.platformio\packages\framework-arduinoteensy\cores\teensy3 C:\Users\Till\.platformio\packages\framework-arduinoteensy\cores\teensy3\mk20dx128.c
arm-none-eabi-g++ -o .pio\build\teensy36\FrameworkArduino\new.cpp.o -c -fno-exceptions -felide-constructors -fno-rtti -std=gnu++14 -Wno-error=narrowing -fpermissive -Wall -ffunction-sections -fdata-sections -mthumb -mcpu=cortex-m4 -nostdlib -fsingle-precision-constant -mfloat-abi=hard -mfpu=fpv4-sp-d16 -O2 -DPLATFORMIO=40100 -D__MK66FX1M0__ -DTEENSY36 -DUSB_SERIAL -DARDUINO=10805 -DTEENSYDUINO=148 -DCORE_TEENSY -DF_CPU=180000000L -DLAYOUT_US_ENGLISH -IC:\Users\Till\.platformio\packages\framework-arduinoteensy\cores\teensy3 C:\Users\Till\.platformio\packages\framework-arduinoteensy\cores\teensy3\new.cpp
arm-none-eabi-gcc -o .pio\build\teensy36\FrameworkArduino\nonstd.c.o -c -Wall -ffunction-sections -fdata-sections -mthumb -mcpu=cortex-m4 -nostdlib -fsingle-precision-constant -mfloat-abi=hard -mfpu=fpv4-sp-d16 -O2 -DPLATFORMIO=40100 -D__MK66FX1M0__ -DTEENSY36 -DUSB_SERIAL -DARDUINO=10805 -DTEENSYDUINO=148 -DCORE_TEENSY -DF_CPU=180000000L -DLAYOUT_US_ENGLISH -IC:\Users\Till\.platformio\packages\framework-arduinoteensy\cores\teensy3 C:\Users\Till\.platformio\packages\framework-arduinoteensy\cores\teensy3\nonstd.c
arm-none-eabi-gcc -o .pio\build\teensy36\FrameworkArduino\pins_teensy.c.o -c -Wall -ffunction-sections -fdata-sections -mthumb -mcpu=cortex-m4 -nostdlib -fsingle-precision-constant -mfloat-abi=hard -mfpu=fpv4-sp-d16 -O2 -DPLATFORMIO=40100 -D__MK66FX1M0__ -DTEENSY36 -DUSB_SERIAL -DARDUINO=10805 -DTEENSYDUINO=148 -DCORE_TEENSY -DF_CPU=180000000L -DLAYOUT_US_ENGLISH -IC:\Users\Till\.platformio\packages\framework-arduinoteensy\cores\teensy3 C:\Users\Till\.platformio\packages\framework-arduinoteensy\cores\teensy3\pins_teensy.c
arm-none-eabi-gcc -o .pio\build\teensy36\FrameworkArduino\ser_print.c.o -c -Wall -ffunction-sections -fdata-sections -mthumb -mcpu=cortex-m4 -nostdlib -fsingle-precision-constant -mfloat-abi=hard -mfpu=fpv4-sp-d16 -O2 -DPLATFORMIO=40100 -D__MK66FX1M0__ -DTEENSY36 -DUSB_SERIAL -DARDUINO=10805 -DTEENSYDUINO=148 -DCORE_TEENSY -DF_CPU=180000000L -DLAYOUT_US_ENGLISH -IC:\Users\Till\.platformio\packages\framework-arduinoteensy\cores\teensy3 C:\Users\Till\.platformio\packages\framework-arduinoteensy\cores\teensy3\ser_print.c
arm-none-eabi-gcc -o .pio\build\teensy36\FrameworkArduino\serial1.c.o -c -Wall -ffunction-sections -fdata-sections -mthumb -mcpu=cortex-m4 -nostdlib -fsingle-precision-constant -mfloat-abi=hard -mfpu=fpv4-sp-d16 -O2 -DPLATFORMIO=40100 -D__MK66FX1M0__ -DTEENSY36 -DUSB_SERIAL -DARDUINO=10805 -DTEENSYDUINO=148 -DCORE_TEENSY -DF_CPU=180000000L -DLAYOUT_US_ENGLISH -IC:\Users\Till\.platformio\packages\framework-arduinoteensy\cores\teensy3 C:\Users\Till\.platformio\packages\framework-arduinoteensy\cores\teensy3\serial1.c
arm-none-eabi-gcc -o .pio\build\teensy36\FrameworkArduino\serial2.c.o -c -Wall -ffunction-sections -fdata-sections -mthumb -mcpu=cortex-m4 -nostdlib -fsingle-precision-constant -mfloat-abi=hard -mfpu=fpv4-sp-d16 -O2 -DPLATFORMIO=40100 -D__MK66FX1M0__ -DTEENSY36 -DUSB_SERIAL -DARDUINO=10805 -DTEENSYDUINO=148 -DCORE_TEENSY -DF_CPU=180000000L -DLAYOUT_US_ENGLISH -IC:\Users\Till\.platformio\packages\framework-arduinoteensy\cores\teensy3 C:\Users\Till\.platformio\packages\framework-arduinoteensy\cores\teensy3\serial2.c
arm-none-eabi-gcc -o .pio\build\teensy36\FrameworkArduino\serial3.c.o -c -Wall -ffunction-sections -fdata-sections -mthumb -mcpu=cortex-m4 -nostdlib -fsingle-precision-constant -mfloat-abi=hard -mfpu=fpv4-sp-d16 -O2 -DPLATFORMIO=40100 -D__MK66FX1M0__ -DTEENSY36 -DUSB_SERIAL -DARDUINO=10805 -DTEENSYDUINO=148 -DCORE_TEENSY -DF_CPU=180000000L -DLAYOUT_US_ENGLISH -IC:\Users\Till\.platformio\packages\framework-arduinoteensy\cores\teensy3 C:\Users\Till\.platformio\packages\framework-arduinoteensy\cores\teensy3\serial3.c
arm-none-eabi-gcc -o .pio\build\teensy36\FrameworkArduino\serial4.c.o -c -Wall -ffunction-sections -fdata-sections -mthumb -mcpu=cortex-m4 -nostdlib -fsingle-precision-constant -mfloat-abi=hard -mfpu=fpv4-sp-d16 -O2 -DPLATFORMIO=40100 -D__MK66FX1M0__ -DTEENSY36 -DUSB_SERIAL -DARDUINO=10805 -DTEENSYDUINO=148 -DCORE_TEENSY -DF_CPU=180000000L -DLAYOUT_US_ENGLISH -IC:\Users\Till\.platformio\packages\framework-arduinoteensy\cores\teensy3 C:\Users\Till\.platformio\packages\framework-arduinoteensy\cores\teensy3\serial4.c
arm-none-eabi-gcc -o .pio\build\teensy36\FrameworkArduino\serial5.c.o -c -Wall -ffunction-sections -fdata-sections -mthumb -mcpu=cortex-m4 -nostdlib -fsingle-precision-constant -mfloat-abi=hard -mfpu=fpv4-sp-d16 -O2 -DPLATFORMIO=40100 -D__MK66FX1M0__ -DTEENSY36 -DUSB_SERIAL -DARDUINO=10805 -DTEENSYDUINO=148 -DCORE_TEENSY -DF_CPU=180000000L -DLAYOUT_US_ENGLISH -IC:\Users\Till\.platformio\packages\framework-arduinoteensy\cores\teensy3 C:\Users\Till\.platformio\packages\framework-arduinoteensy\cores\teensy3\serial5.c
arm-none-eabi-gcc -o .pio\build\teensy36\FrameworkArduino\serial6.c.o -c -Wall -ffunction-sections -fdata-sections -mthumb -mcpu=cortex-m4 -nostdlib -fsingle-precision-constant -mfloat-abi=hard -mfpu=fpv4-sp-d16 -O2 -DPLATFORMIO=40100 -D__MK66FX1M0__ -DTEENSY36 -DUSB_SERIAL -DARDUINO=10805 -DTEENSYDUINO=148 -DCORE_TEENSY -DF_CPU=180000000L -DLAYOUT_US_ENGLISH -IC:\Users\Till\.platformio\packages\framework-arduinoteensy\cores\teensy3 C:\Users\Till\.platformio\packages\framework-arduinoteensy\cores\teensy3\serial6.c
arm-none-eabi-gcc -o .pio\build\teensy36\FrameworkArduino\serial6_lpuart.c.o -c -Wall -ffunction-sections -fdata-sections -mthumb -mcpu=cortex-m4 -nostdlib -fsingle-precision-constant -mfloat-abi=hard -mfpu=fpv4-sp-d16 -O2 -DPLATFORMIO=40100 -D__MK66FX1M0__ -DTEENSY36 -DUSB_SERIAL -DARDUINO=10805 -DTEENSYDUINO=148 -DCORE_TEENSY -DF_CPU=180000000L -DLAYOUT_US_ENGLISH -IC:\Users\Till\.platformio\packages\framework-arduinoteensy\cores\teensy3 C:\Users\Till\.platformio\packages\framework-arduinoteensy\cores\teensy3\serial6_lpuart.c
arm-none-eabi-gcc -o .pio\build\teensy36\FrameworkArduino\touch.c.o -c -Wall -ffunction-sections -fdata-sections -mthumb -mcpu=cortex-m4 -nostdlib -fsingle-precision-constant -mfloat-abi=hard -mfpu=fpv4-sp-d16 -O2 -DPLATFORMIO=40100 -D__MK66FX1M0__ -DTEENSY36 -DUSB_SERIAL -DARDUINO=10805 -DTEENSYDUINO=148 -DCORE_TEENSY -DF_CPU=180000000L -DLAYOUT_US_ENGLISH -IC:\Users\Till\.platformio\packages\framework-arduinoteensy\cores\teensy3 C:\Users\Till\.platformio\packages\framework-arduinoteensy\cores\teensy3\touch.c
arm-none-eabi-g++ -o .pio\build\teensy36\FrameworkArduino\usb_audio.cpp.o -c -fno-exceptions -felide-constructors -fno-rtti -std=gnu++14 -Wno-error=narrowing -fpermissive -Wall -ffunction-sections -fdata-sections -mthumb -mcpu=cortex-m4 -nostdlib -fsingle-precision-constant -mfloat-abi=hard -mfpu=fpv4-sp-d16 -O2 -DPLATFORMIO=40100 -D__MK66FX1M0__ -DTEENSY36 -DUSB_SERIAL -DARDUINO=10805 -DTEENSYDUINO=148 -DCORE_TEENSY -DF_CPU=180000000L -DLAYOUT_US_ENGLISH -IC:\Users\Till\.platformio\packages\framework-arduinoteensy\cores\teensy3 C:\Users\Till\.platformio\packages\framework-arduinoteensy\cores\teensy3\usb_audio.cpp
arm-none-eabi-gcc -o .pio\build\teensy36\FrameworkArduino\usb_desc.c.o -c -Wall -ffunction-sections -fdata-sections -mthumb -mcpu=cortex-m4 -nostdlib -fsingle-precision-constant -mfloat-abi=hard -mfpu=fpv4-sp-d16 -O2 -DPLATFORMIO=40100 -D__MK66FX1M0__ -DTEENSY36 -DUSB_SERIAL -DARDUINO=10805 -DTEENSYDUINO=148 -DCORE_TEENSY -DF_CPU=180000000L -DLAYOUT_US_ENGLISH -IC:\Users\Till\.platformio\packages\framework-arduinoteensy\cores\teensy3 C:\Users\Till\.platformio\packages\framework-arduinoteensy\cores\teensy3\usb_desc.c
arm-none-eabi-gcc -o .pio\build\teensy36\FrameworkArduino\usb_dev.c.o -c -Wall -ffunction-sections -fdata-sections -mthumb -mcpu=cortex-m4 -nostdlib -fsingle-precision-constant -mfloat-abi=hard -mfpu=fpv4-sp-d16 -O2 -DPLATFORMIO=40100 -D__MK66FX1M0__ -DTEENSY36 -DUSB_SERIAL -DARDUINO=10805 -DTEENSYDUINO=148 -DCORE_TEENSY -DF_CPU=180000000L -DLAYOUT_US_ENGLISH -IC:\Users\Till\.platformio\packages\framework-arduinoteensy\cores\teensy3 C:\Users\Till\.platformio\packages\framework-arduinoteensy\cores\teensy3\usb_dev.c
arm-none-eabi-g++ -o .pio\build\teensy36\FrameworkArduino\usb_flightsim.cpp.o -c -fno-exceptions -felide-constructors -fno-rtti -std=gnu++14 -Wno-error=narrowing -fpermissive -Wall -ffunction-sections -fdata-sections -mthumb -mcpu=cortex-m4 -nostdlib -fsingle-precision-constant -mfloat-abi=hard -mfpu=fpv4-sp-d16 -O2 -DPLATFORMIO=40100 -D__MK66FX1M0__ -DTEENSY36 -DUSB_SERIAL -DARDUINO=10805 -DTEENSYDUINO=148 -DCORE_TEENSY -DF_CPU=180000000L -DLAYOUT_US_ENGLISH -IC:\Users\Till\.platformio\packages\framework-arduinoteensy\cores\teensy3 C:\Users\Till\.platformio\packages\framework-arduinoteensy\cores\teensy3\usb_flightsim.cpp
arm-none-eabi-g++ -o .pio\build\teensy36\FrameworkArduino\usb_inst.cpp.o -c -fno-exceptions -felide-constructors -fno-rtti -std=gnu++14 -Wno-error=narrowing -fpermissive -Wall -ffunction-sections -fdata-sections -mthumb -mcpu=cortex-m4 -nostdlib -fsingle-precision-constant -mfloat-abi=hard -mfpu=fpv4-sp-d16 -O2 -DPLATFORMIO=40100 -D__MK66FX1M0__ -DTEENSY36 -DUSB_SERIAL -DARDUINO=10805 -DTEENSYDUINO=148 -DCORE_TEENSY -DF_CPU=180000000L -DLAYOUT_US_ENGLISH -IC:\Users\Till\.platformio\packages\framework-arduinoteensy\cores\teensy3 C:\Users\Till\.platformio\packages\framework-arduinoteensy\cores\teensy3\usb_inst.cpp
arm-none-eabi-gcc -o .pio\build\teensy36\FrameworkArduino\usb_joystick.c.o -c -Wall -ffunction-sections -fdata-sections -mthumb -mcpu=cortex-m4 -nostdlib -fsingle-precision-constant -mfloat-abi=hard -mfpu=fpv4-sp-d16 -O2 -DPLATFORMIO=40100 -D__MK66FX1M0__ -DTEENSY36 -DUSB_SERIAL -DARDUINO=10805 -DTEENSYDUINO=148 -DCORE_TEENSY -DF_CPU=180000000L -DLAYOUT_US_ENGLISH -IC:\Users\Till\.platformio\packages\framework-arduinoteensy\cores\teensy3 C:\Users\Till\.platformio\packages\framework-arduinoteensy\cores\teensy3\usb_joystick.c
arm-none-eabi-gcc -o .pio\build\teensy36\FrameworkArduino\usb_keyboard.c.o -c -Wall -ffunction-sections -fdata-sections -mthumb -mcpu=cortex-m4 -nostdlib -fsingle-precision-constant -mfloat-abi=hard -mfpu=fpv4-sp-d16 -O2 -DPLATFORMIO=40100 -D__MK66FX1M0__ -DTEENSY36 -DUSB_SERIAL -DARDUINO=10805 -DTEENSYDUINO=148 -DCORE_TEENSY -DF_CPU=180000000L -DLAYOUT_US_ENGLISH -IC:\Users\Till\.platformio\packages\framework-arduinoteensy\cores\teensy3 C:\Users\Till\.platformio\packages\framework-arduinoteensy\cores\teensy3\usb_keyboard.c
arm-none-eabi-gcc -o .pio\build\teensy36\FrameworkArduino\usb_mem.c.o -c -Wall -ffunction-sections -fdata-sections -mthumb -mcpu=cortex-m4 -nostdlib -fsingle-precision-constant -mfloat-abi=hard -mfpu=fpv4-sp-d16 -O2 -DPLATFORMIO=40100 -D__MK66FX1M0__ -DTEENSY36 -DUSB_SERIAL -DARDUINO=10805 -DTEENSYDUINO=148 -DCORE_TEENSY -DF_CPU=180000000L -DLAYOUT_US_ENGLISH -IC:\Users\Till\.platformio\packages\framework-arduinoteensy\cores\teensy3 C:\Users\Till\.platformio\packages\framework-arduinoteensy\cores\teensy3\usb_mem.c
arm-none-eabi-gcc -o .pio\build\teensy36\FrameworkArduino\usb_midi.c.o -c -Wall -ffunction-sections -fdata-sections -mthumb -mcpu=cortex-m4 -nostdlib -fsingle-precision-constant -mfloat-abi=hard -mfpu=fpv4-sp-d16 -O2 -DPLATFORMIO=40100 -D__MK66FX1M0__ -DTEENSY36 -DUSB_SERIAL -DARDUINO=10805 -DTEENSYDUINO=148 -DCORE_TEENSY -DF_CPU=180000000L -DLAYOUT_US_ENGLISH -IC:\Users\Till\.platformio\packages\framework-arduinoteensy\cores\teensy3 C:\Users\Till\.platformio\packages\framework-arduinoteensy\cores\teensy3\usb_midi.c
arm-none-eabi-gcc -o .pio\build\teensy36\FrameworkArduino\usb_mouse.c.o -c -Wall -ffunction-sections -fdata-sections -mthumb -mcpu=cortex-m4 -nostdlib -fsingle-precision-constant -mfloat-abi=hard -mfpu=fpv4-sp-d16 -O2 -DPLATFORMIO=40100 -D__MK66FX1M0__ -DTEENSY36 -DUSB_SERIAL -DARDUINO=10805 -DTEENSYDUINO=148 -DCORE_TEENSY -DF_CPU=180000000L -DLAYOUT_US_ENGLISH -IC:\Users\Till\.platformio\packages\framework-arduinoteensy\cores\teensy3 C:\Users\Till\.platformio\packages\framework-arduinoteensy\cores\teensy3\usb_mouse.c
arm-none-eabi-gcc -o .pio\build\teensy36\FrameworkArduino\usb_mtp.c.o -c -Wall -ffunction-sections -fdata-sections -mthumb -mcpu=cortex-m4 -nostdlib -fsingle-precision-constant -mfloat-abi=hard -mfpu=fpv4-sp-d16 -O2 -DPLATFORMIO=40100 -D__MK66FX1M0__ -DTEENSY36 -DUSB_SERIAL -DARDUINO=10805 -DTEENSYDUINO=148 -DCORE_TEENSY -DF_CPU=180000000L -DLAYOUT_US_ENGLISH -IC:\Users\Till\.platformio\packages\framework-arduinoteensy\cores\teensy3 C:\Users\Till\.platformio\packages\framework-arduinoteensy\cores\teensy3\usb_mtp.c
arm-none-eabi-gcc -o .pio\build\teensy36\FrameworkArduino\usb_rawhid.c.o -c -Wall -ffunction-sections -fdata-sections -mthumb -mcpu=cortex-m4 -nostdlib -fsingle-precision-constant -mfloat-abi=hard -mfpu=fpv4-sp-d16 -O2 -DPLATFORMIO=40100 -D__MK66FX1M0__ -DTEENSY36 -DUSB_SERIAL -DARDUINO=10805 -DTEENSYDUINO=148 -DCORE_TEENSY -DF_CPU=180000000L -DLAYOUT_US_ENGLISH -IC:\Users\Till\.platformio\packages\framework-arduinoteensy\cores\teensy3 C:\Users\Till\.platformio\packages\framework-arduinoteensy\cores\teensy3\usb_rawhid.c
arm-none-eabi-gcc -o .pio\build\teensy36\FrameworkArduino\usb_seremu.c.o -c -Wall -ffunction-sections -fdata-sections -mthumb -mcpu=cortex-m4 -nostdlib -fsingle-precision-constant -mfloat-abi=hard -mfpu=fpv4-sp-d16 -O2 -DPLATFORMIO=40100 -D__MK66FX1M0__ -DTEENSY36 -DUSB_SERIAL -DARDUINO=10805 -DTEENSYDUINO=148 -DCORE_TEENSY -DF_CPU=180000000L -DLAYOUT_US_ENGLISH -IC:\Users\Till\.platformio\packages\framework-arduinoteensy\cores\teensy3 C:\Users\Till\.platformio\packages\framework-arduinoteensy\cores\teensy3\usb_seremu.c
arm-none-eabi-gcc -o .pio\build\teensy36\FrameworkArduino\usb_serial.c.o -c -Wall -ffunction-sections -fdata-sections -mthumb -mcpu=cortex-m4 -nostdlib -fsingle-precision-constant -mfloat-abi=hard -mfpu=fpv4-sp-d16 -O2 -DPLATFORMIO=40100 -D__MK66FX1M0__ -DTEENSY36 -DUSB_SERIAL -DARDUINO=10805 -DTEENSYDUINO=148 -DCORE_TEENSY -DF_CPU=180000000L -DLAYOUT_US_ENGLISH -IC:\Users\Till\.platformio\packages\framework-arduinoteensy\cores\teensy3 C:\Users\Till\.platformio\packages\framework-arduinoteensy\cores\teensy3\usb_serial.c
arm-none-eabi-gcc -o .pio\build\teensy36\FrameworkArduino\usb_touch.c.o -c -Wall -ffunction-sections -fdata-sections -mthumb -mcpu=cortex-m4 -nostdlib -fsingle-precision-constant -mfloat-abi=hard -mfpu=fpv4-sp-d16 -O2 -DPLATFORMIO=40100 -D__MK66FX1M0__ -DTEENSY36 -DUSB_SERIAL -DARDUINO=10805 -DTEENSYDUINO=148 -DCORE_TEENSY -DF_CPU=180000000L -DLAYOUT_US_ENGLISH -IC:\Users\Till\.platformio\packages\framework-arduinoteensy\cores\teensy3 C:\Users\Till\.platformio\packages\framework-arduinoteensy\cores\teensy3\usb_touch.c
arm-none-eabi-g++ -o .pio\build\teensy36\FrameworkArduino\yield.cpp.o -c -fno-exceptions -felide-constructors -fno-rtti -std=gnu++14 -Wno-error=narrowing -fpermissive -Wall -ffunction-sections -fdata-sections -mthumb -mcpu=cortex-m4 -nostdlib -fsingle-precision-constant -mfloat-abi=hard -mfpu=fpv4-sp-d16 -O2 -DPLATFORMIO=40100 -D__MK66FX1M0__ -DTEENSY36 -DUSB_SERIAL -DARDUINO=10805 -DTEENSYDUINO=148 -DCORE_TEENSY -DF_CPU=180000000L -DLAYOUT_US_ENGLISH -IC:\Users\Till\.platformio\packages\framework-arduinoteensy\cores\teensy3 C:\Users\Till\.platformio\packages\framework-arduinoteensy\cores\teensy3\yield.cpp
arm-none-eabi-gcc-ar rc .pio\build\teensy36\libFrameworkArduino.a .pio\build\teensy36\FrameworkArduino\AudioStream.cpp.o .pio\build\teensy36\FrameworkArduino\DMAChannel.cpp.o .pio\build\teensy36\FrameworkArduino\EventResponder.cpp.o .pio\build\teensy36\FrameworkArduino\HardwareSerial1.cpp.o .pio\build\teensy36\FrameworkArduino\HardwareSerial2.cpp.o .pio\build\teensy36\FrameworkArduino\HardwareSerial3.cpp.o .pio\build\teensy36\FrameworkArduino\HardwareSerial4.cpp.o .pio\build\teensy36\FrameworkArduino\HardwareSerial5.cpp.o .pio\build\teensy36\FrameworkArduino\HardwareSerial6.cpp.o .pio\build\teensy36\FrameworkArduino\IPAddress.cpp.o .pio\build\teensy36\FrameworkArduino\IntervalTimer.cpp.o .pio\build\teensy36\FrameworkArduino\Print.cpp.o .pio\build\teensy36\FrameworkArduino\Stream.cpp.o .pio\build\teensy36\FrameworkArduino\Tone.cpp.o .pio\build\teensy36\FrameworkArduino\WMath.cpp.o .pio\build\teensy36\FrameworkArduino\WString.cpp.o .pio\build\teensy36\FrameworkArduino\analog.c.o .pio\build\teensy36\FrameworkArduino\avr_emulation.cpp.o .pio\build\teensy36\FrameworkArduino\eeprom.c.o .pio\build\teensy36\FrameworkArduino\keylayouts.c.o .pio\build\teensy36\FrameworkArduino\main.cpp.o .pio\build\teensy36\FrameworkArduino\math_helper.c.o .pio\build\teensy36\FrameworkArduino\memcpy-armv7m.S.o .pio\build\teensy36\FrameworkArduino\memset.S.o .pio\build\teensy36\FrameworkArduino\mk20dx128.c.o .pio\build\teensy36\FrameworkArduino\new.cpp.o .pio\build\teensy36\FrameworkArduino\nonstd.c.o .pio\build\teensy36\FrameworkArduino\pins_teensy.c.o .pio\build\teensy36\FrameworkArduino\ser_print.c.o .pio\build\teensy36\FrameworkArduino\serial1.c.o .pio\build\teensy36\FrameworkArduino\serial2.c.o .pio\build\teensy36\FrameworkArduino\serial3.c.o .pio\build\teensy36\FrameworkArduino\serial4.c.o .pio\build\teensy36\FrameworkArduino\serial5.c.o .pio\build\teensy36\FrameworkArduino\serial6.c.o .pio\build\teensy36\FrameworkArduino\serial6_lpuart.c.o .pio\build\teensy36\FrameworkArduino\touch.c.o .pio\build\teensy36\FrameworkArduino\usb_audio.cpp.o .pio\build\teensy36\FrameworkArduino\usb_desc.c.o .pio\build\teensy36\FrameworkArduino\usb_dev.c.o .pio\build\teensy36\FrameworkArduino\usb_flightsim.cpp.o .pio\build\teensy36\FrameworkArduino\usb_inst.cpp.o .pio\build\teensy36\FrameworkArduino\usb_joystick.c.o .pio\build\teensy36\FrameworkArduino\usb_keyboard.c.o .pio\build\teensy36\FrameworkArduino\usb_mem.c.o .pio\build\teensy36\FrameworkArduino\usb_midi.c.o .pio\build\teensy36\FrameworkArduino\usb_mouse.c.o .pio\build\teensy36\FrameworkArduino\usb_mtp.c.o .pio\build\teensy36\FrameworkArduino\usb_rawhid.c.o .pio\build\teensy36\FrameworkArduino\usb_seremu.c.o .pio\build\teensy36\FrameworkArduino\usb_serial.c.o .pio\build\teensy36\FrameworkArduino\usb_touch.c.o .pio\build\teensy36\FrameworkArduino\yield.cpp.o
arm-none-eabi-g++ -o .pio\build\teensy36\firmware.elf -T mk66fx1m0.ld -Wl,--gc-sections,--relax -mthumb -mcpu=cortex-m4 -Wl,--defsym=__rtc_localtime=1579900114 -fsingle-precision-constant -mfloat-abi=hard -mfpu=fpv4-sp-d16 -O2 .pio\build\teensy36\src\main.cpp.o -LC:\Users\Till\.platformio\packages\framework-arduinoteensy\cores\teensy3 -L.pio\build\teensy36 -Wl,--start-group .pio\build\teensy36\liba6e\libOSC_ID423.a .pio\build\teensy36\libFrameworkArduino.a -larm_cortexM4lf_math -lm -lstdc++ -Wl,--end-group
pio : .pio\build\teensy36\src\main.cpp.o: In function `setup':
In Zeile:1 Zeichen:1
+ pio run -v > compile.log 2>&1
+ ~~~~~~~~~~~~~~~~~~~~~~~~~~~~~
    + CategoryInfo          : NotSpecified: (.pio\build\teen...nction `setup'::String) [], RemoteException
    + FullyQualifiedErrorId : NativeCommandError
 
main.cpp:(.text.setup+0x84): undefined reference to `config'

main.cpp:(.text.setup+0x88): undefined reference to `config'

main.cpp:(.text.setup+0x8c): undefined reference to `config'

.pio\build\teensy36\src\main.cpp.o: In function `loop':

main.cpp:(.text.loop+0xc8): undefined reference to `Cresc_input_encoder::change'

main.cpp:(.text.loop+0xcc): undefined reference to `Cresc_input_encoder::Button::change'

main.cpp:(.text.loop+0xd0): undefined reference to `osc'

main.cpp:(.text.loop+0xd4): undefined reference to `Cresc_input_encoder::Button::check'

main.cpp:(.text.loop+0xd8): undefined reference to `Cresc_input_buttons::change'

main.cpp:(.text.loop+0xdc): undefined reference to `Cresc_input_buttons::check'

main.cpp:(.text.loop+0xe0): undefined reference to `joysticks'

main.cpp:(.text.loop+0xe4): undefined reference to `Cresc_input_encoder::check'

main.cpp:(.text.loop+0xe8): undefined reference to `config'

collect2.exe: error: ld returned 1 exit status

*** [.pio\build\teensy36\firmware.elf] Error 1

========================= [FAILED] Took 30.56 seconds =========================

